<?xml version="1.0" encoding="UTF-8"?>
<testsuites name="jest tests" tests="51" failures="0" errors="0" time="0.973">
  <testsuite name="workspace desk views" errors="0" failures="0" skipped="0" timestamp="2026-06-28T03:29:49" time="0.366" tests="7">
    <testcase classname="workspace desk views keeps Today strict while showing a quiet future preview" name="workspace desk views keeps Today strict while showing a quiet future preview" time="0.06">
    </testcase>
    <testcase classname="workspace desk views keeps Today card title and metadata inside a stable content column" name="workspace desk views keeps Today card title and metadata inside a stable content column" time="0.013">
    </testcase>
    <testcase classname="workspace desk views keeps four-quadrant as a separate editable view" name="workspace desk views keeps four-quadrant as a separate editable view" time="0.009">
    </testcase>
    <testcase classname="workspace desk views renders Reading as list plus detail with reliable note action state" name="workspace desk views renders Reading as list plus detail with reliable note action state" time="0.036">
    </testcase>
    <testcase classname="workspace desk views does not show a working note-draft action for local-only reading items" name="workspace desk views does not show a working note-draft action for local-only reading items" time="0.01">
    </testcase>
    <testcase classname="workspace desk views opens a real note draft link after Reading creates one" name="workspace desk views opens a real note draft link after Reading creates one" time="0.022">
    </testcase>
    <testcase classname="workspace desk views renders the inbox as persisted notes instead of the Today board" name="workspace desk views renders the inbox as persisted notes instead of the Today board" time="0.008">
    </testcase>
  </testsuite>
  <testsuite name="multi-user ownership contracts" errors="0" failures="0" skipped="0" timestamp="2026-06-28T03:29:49" time="0.026" tests="5">
    <testcase classname="multi-user ownership contracts requires owner ids for personal repositories" name="multi-user ownership contracts requires owner ids for personal repositories" time="0.001">
    </testcase>
    <testcase classname="multi-user ownership contracts does not let members fall back to the administrators AI or email keys" name="multi-user ownership contracts does not let members fall back to the administrators AI or email keys" time="0">
    </testcase>
    <testcase classname="multi-user ownership contracts namespaces browser caches by the effective profile and prevents cross-profile writes" name="multi-user ownership contracts namespaces browser caches by the effective profile and prevents cross-profile writes" time="0.001">
    </testcase>
    <testcase classname="multi-user ownership contracts keeps the legacy task reminder queue scoped to one explicit owner" name="multi-user ownership contracts keeps the legacy task reminder queue scoped to one explicit owner" time="0">
    </testcase>
    <testcase classname="multi-user ownership contracts adds RLS policies for parent and child records" name="multi-user ownership contracts adds RLS policies for parent and child records" time="0">
    </testcase>
  </testsuite>
  <testsuite name="/api/courses/group-materials" errors="0" failures="0" skipped="0" timestamp="2026-06-28T03:29:49" time="0.018" tests="1">
    <testcase classname="/api/courses/group-materials returns lesson and range suggestions without replacing existing lesson keys" name="/api/courses/group-materials returns lesson and range suggestions without replacing existing lesson keys" time="0.001">
    </testcase>
  </testsuite>
  <testsuite name="user-facing product copy" errors="0" failures="0" skipped="0" timestamp="2026-06-28T03:29:49" time="0.031" tests="1">
    <testcase classname="user-facing product copy does not expose implementation vocabulary on ordinary pages" name="user-facing product copy does not expose implementation vocabulary on ordinary pages" time="0.016">
    </testcase>
  </testsuite>
  <testsuite name="/api/reminders/run" errors="0" failures="0" skipped="0" timestamp="2026-06-28T03:29:49" time="0.02" tests="4">
    <testcase classname="/api/reminders/run fails closed without a configured bearer token" name="/api/reminders/run fails closed without a configured bearer token" time="0.001">
    </testcase>
    <testcase classname="/api/reminders/run respects an explicitly disabled preference instead of reviving the legacy fallback" name="/api/reminders/run respects an explicitly disabled preference instead of reviving the legacy fallback" time="0">
    </testcase>
    <testcase classname="/api/reminders/run does not send a member reminder to the owner legacy fallback email" name="/api/reminders/run does not send a member reminder to the owner legacy fallback email" time="0.001">
    </testcase>
    <testcase classname="/api/reminders/run sends one daily digest and advances the owner send date" name="/api/reminders/run sends one daily digest and advances the owner send date" time="0">
    </testcase>
  </testsuite>
  <testsuite name="/api/courses/jobs/[id]/workflow" errors="0" failures="0" skipped="0" timestamp="2026-06-28T03:29:49" time="0.024" tests="4">
    <testcase classname="/api/courses/jobs/[id]/workflow returns only the lightweight runtime summary when requested" name="/api/courses/jobs/[id]/workflow returns only the lightweight runtime summary when requested" time="0">
    </testcase>
    <testcase classname="/api/courses/jobs/[id]/workflow reads the full workflow only for the server-derived owner" name="/api/courses/jobs/[id]/workflow reads the full workflow only for the server-derived owner" time="0">
    </testcase>
    <testcase classname="/api/courses/jobs/[id]/workflow applies a human action and wakes the durable workflow" name="/api/courses/jobs/[id]/workflow applies a human action and wakes the durable workflow" time="0">
    </testcase>
    <testcase classname="/api/courses/jobs/[id]/workflow rejects reviewer scores submitted by the browser" name="/api/courses/jobs/[id]/workflow rejects reviewer scores submitted by the browser" time="0.007">
    </testcase>
  </testsuite>
  <testsuite name="/api/courses/ocr/session" errors="0" failures="0" skipped="0" timestamp="2026-06-28T03:29:49" time="0.016" tests="1">
    <testcase classname="/api/courses/ocr/session returns a short-lived signed upload token without exposing the secret" name="/api/courses/ocr/session returns a short-lived signed upload token without exposing the secret" time="0.001">
    </testcase>
  </testsuite>
  <testsuite name="per-user secret encryption" errors="0" failures="0" skipped="0" timestamp="2026-06-28T03:29:49" time="0.019" tests="2">
    <testcase classname="per-user secret encryption round-trips a secret without storing plaintext" name="per-user secret encryption round-trips a secret without storing plaintext" time="0.001">
    </testcase>
    <testcase classname="per-user secret encryption requires a stable server encryption key" name="per-user secret encryption requires a stable server encryption key" time="0.003">
    </testcase>
  </testsuite>
  <testsuite name="/api/courses/textpack" errors="0" failures="0" skipped="0" timestamp="2026-06-28T03:29:49" time="0.018" tests="2">
    <testcase classname="/api/courses/textpack imports TextPack for the server-side owner only" name="/api/courses/textpack imports TextPack for the server-side owner only" time="0.001">
    </testcase>
    <testcase classname="/api/courses/textpack lists and deletes only through the server-derived owner" name="/api/courses/textpack lists and deletes only through the server-derived owner" time="0.001">
    </testcase>
  </testsuite>
  <testsuite name="/api/reminders/preferences" errors="0" failures="0" skipped="0" timestamp="2026-06-28T03:29:49" time="0.018" tests="2">
    <testcase classname="/api/reminders/preferences defaults the first setup to a daily digest without creating a row on read" name="/api/reminders/preferences defaults the first setup to a daily digest without creating a row on read" time="0.001">
    </testcase>
    <testcase classname="/api/reminders/preferences validates email and stores only the supported first-version schedule" name="/api/reminders/preferences validates email and stores only the supported first-version schedule" time="0">
    </testcase>
  </testsuite>
  <testsuite name="/api/courses/jobs/[id]/supplement" errors="0" failures="0" skipped="0" timestamp="2026-06-28T03:29:49" time="0.015" tests="1">
    <testcase classname="/api/courses/jobs/[id]/supplement supplements the server-owned course and returns the updated workflow" name="/api/courses/jobs/[id]/supplement supplements the server-owned course and returns the updated workflow" time="0.001">
    </testcase>
  </testsuite>
  <testsuite name="workspace account and settings surface" errors="0" failures="0" skipped="0" timestamp="2026-06-28T03:29:49" time="0.015" tests="4">
    <testcase classname="workspace account and settings surface uses login, permission application and an avatar popover instead of public shortcuts in the desk topbar" name="workspace account and settings surface uses login, permission application and an avatar popover instead of public shortcuts in the desk topbar" time="0">
    </testcase>
    <testcase classname="workspace account and settings surface centralizes personal and owner settings in a compact section layout" name="workspace account and settings surface centralizes personal and owner settings in a compact section layout" time="0.001">
    </testcase>
    <testcase classname="workspace account and settings surface keeps the identity card useful and readable" name="workspace account and settings surface keeps the identity card useful and readable" time="0">
    </testcase>
    <testcase classname="workspace account and settings surface lets the owner edit, delete and immediately view a member identity" name="workspace account and settings surface lets the owner edit, delete and immediately view a member identity" time="0">
    </testcase>
  </testsuite>
  <testsuite name="/api/courses/jobs/[id]/run-next" errors="0" failures="0" skipped="0" timestamp="2026-06-28T03:29:49" time="0.017" tests="4">
    <testcase classname="/api/courses/jobs/[id]/run-next verifies ownership and forwards the current member model configuration" name="/api/courses/jobs/[id]/run-next verifies ownership and forwards the current member model configuration" time="0.001">
    </testcase>
    <testcase classname="/api/courses/jobs/[id]/run-next returns an idle directive at a human gate" name="/api/courses/jobs/[id]/run-next returns an idle directive at a human gate" time="0">
    </testcase>
    <testcase classname="/api/courses/jobs/[id]/run-next keeps node-level failures partial and returns 200" name="/api/courses/jobs/[id]/run-next keeps node-level failures partial and returns 200" time="0">
    </testcase>
    <testcase classname="/api/courses/jobs/[id]/run-next returns 502 for a course-level failure" name="/api/courses/jobs/[id]/run-next returns 502 for a course-level failure" time="0">
    </testcase>
  </testsuite>
  <testsuite name="workspace permissions" errors="0" failures="0" skipped="0" timestamp="2026-06-28T03:29:49" time="0.016" tests="3">
    <testcase classname="workspace permissions gives members private tools but not public publishing by default" name="workspace permissions gives members private tools but not public publishing by default" time="0">
    </testcase>
    <testcase classname="workspace permissions keeps owner capabilities complete and denies inactive members" name="workspace permissions keeps owner capabilities complete and denies inactive members" time="0.001">
    </testcase>
    <testcase classname="workspace permissions normalizes partial member settings without granting publish" name="workspace permissions normalizes partial member settings without granting publish" time="0">
    </testcase>
  </testsuite>
  <testsuite name="member administration boundaries" errors="0" failures="0" skipped="0" timestamp="2026-06-28T03:29:49" time="0.019" tests="3">
    <testcase classname="member administration boundaries keeps member CRUD owner-only and guards destructive deletion" name="member administration boundaries keeps member CRUD owner-only and guards destructive deletion" time="0.001">
    </testcase>
    <testcase classname="member administration boundaries does not trust a stale database owner role without the Clerk owner allowlist" name="member administration boundaries does not trust a stale database owner role without the Clerk owner allowlist" time="0">
    </testcase>
    <testcase classname="member administration boundaries uses a signed, active-profile impersonation flow" name="member administration boundaries uses a signed, active-profile impersonation flow" time="0">
    </testcase>
  </testsuite>
  <testsuite name="/api/courses/capabilities" errors="0" failures="0" skipped="0" timestamp="2026-06-28T03:29:49" time="0.016" tests="1">
    <testcase classname="/api/courses/capabilities returns non-sensitive course writing capability state" name="/api/courses/capabilities returns non-sensitive course writing capability state" time="0.001">
    </testcase>
  </testsuite>
  <testsuite name="content management loading" errors="0" failures="0" skipped="0" timestamp="2026-06-28T03:29:49" time="0.015" tests="2">
    <testcase classname="content management loading bulk-loads related content rows instead of making three requests per item" name="content management loading bulk-loads related content rows instead of making three requests per item" time="0">
    </testcase>
    <testcase classname="content management loading caches the expensive Notion taxonomy on warm serverless instances" name="content management loading caches the expensive Notion taxonomy on warm serverless instances" time="0">
    </testcase>
  </testsuite>
  <testsuite name="course publishing UI" errors="0" failures="0" skipped="0" timestamp="2026-06-28T03:29:49" time="0.015" tests="4">
    <testcase classname="course publishing UI provides draft, preview, publish, update, and withdraw controls" name="course publishing UI provides draft, preview, publish, update, and withdraw controls" time="0.001">
    </testcase>
    <testcase classname="course publishing UI supports reliable editable taxonomy choices, compact tags, and covers" name="course publishing UI supports reliable editable taxonomy choices, compact tags, and covers" time="0">
    </testcase>
    <testcase classname="course publishing UI links completed course notes into the publishing desk" name="course publishing UI links completed course notes into the publishing desk" time="0">
    </testcase>
    <testcase classname="course publishing UI renders public content through category and collection disclosure levels" name="course publishing UI renders public content through category and collection disclosure levels" time="0">
    </testcase>
  </testsuite>
</testsuites>